
> chat-app@0.1.0 build
> next build

  Γû▓ Next.js 14.2.35

   Creating an optimized production build ...
npm : Failed to compile.
At line:1 char:1
+ npm run build > build_output.txt 2>&1
+ ~~~~~~~~~~~~~~~~~~~~~~~~~~~~~~~~~~~~~
    + CategoryInfo          : NotSpecified: (F 
   ailed to compile.:String) [], RemoteExcept  
  ion
    + FullyQualifiedErrorId : NativeCommandErr 
   or
 

./src/app/layout.tsx
Module not found: Can't resolve 
'./context/ChatContext'

https://nextjs.org/docs/messages/module-not-fou
nd


> Build failed because of webpack errors
